npm warn Unknown env config "http-proxy". This will stop working in the next major version of npm.

> moticos-for-cynthia@0.1.0 build
> vite build

vite v8.1.5 building client environment for production...
[2Ktransforming...✓ 2755 modules transformed.
rendering chunks...
computing gzip size...
dist/index.html                              0.57 kB │ gzip:   0.33 kB
dist/assets/CollectionGarden-B7L_3Qx8.css    9.23 kB │ gzip:   2.76 kB
dist/assets/MoticosMerge-d5WeRR1G.css       12.92 kB │ gzip:   3.61 kB
dist/assets/index-NwzSS41u.css              24.92 kB │ gzip:   6.01 kB
dist/assets/CollectionGarden-C-8s5Xiy.js    20.72 kB │ gzip:   7.68 kB
dist/assets/MoticosMerge-Dqp4dotf.js        22.57 kB │ gzip:   7.94 kB
dist/assets/index-CEF5EcF5.js              509.05 kB │ gzip: 147.28 kB

[plugin builtin:vite-reporter] 
(!) Some chunks are larger than 500 kB after minification. Consider:
- Using dynamic import() to code-split the application
- Use build.rolldownOptions.output.codeSplitting to improve chunking: https://rolldown.rs/reference/OutputOptions.codeSplitting
- Adjust chunk size limit for this warning via build.chunkSizeWarningLimit.
✓ built in 733ms
